0
00000
00000
01110
00000
00000

1
00000
00100
00100
00100
00000

2
00000
00000
01110
00000
00000

3
00000
00100
00100
00100
00000

4
00000
00000
01110
00000
00000

5
00000
00100
00100
00100
00000

